
   NETWORK CONFIGURATION
inet         : 10.255.255.254
inet4        : ['127.0.0.1', '10.255.255.254']
inet6        : ['::1']
netmask      : 255.255.255.255
device       : lo
flags        : 73<UP,LOOPBACK,RUNNING>
mtu          : 65536
inet         : 172.29.229.220
inet4        : ['172.29.229.220']
ether        : 00:15:5d:20:bc:d7
inet6        : ['fe80::215:5dff:fe20:bcd7%eth0']
netmask      : 255.255.240.0
device       : eth0
flags        : 4163<UP,RUNNING,MULTICAST,BROADCAST>
mtu          : 1500
broadcast    : 172.29.239.255

   PACKAGE VERSIONS
ament_flake8                              : latest=0.17.5, local=0.17.5
ament_pep257                              : latest=0.17.5, local=0.17.5
rosidl_core_runtime                       : latest=0.2.1, local=0.2.1
statistics_msgs                           : latest=2.0.4, local=2.0.4
image_transport                           : latest=5.1.8, local=5.1.8
ament_cmake_target_dependencies           : latest=2.5.6, local=2.5.6
rclcpp_action                             : latest=28.1.21, local=28.1.21
ros2cli                                   : latest=0.32.11, local=0.32.10
gz_math_vendor                            : latest=0.0.9, local=0.0.9
unique_identifier_msgs                    : latest=2.5.1, local=2.5.1
libyaml_vendor                            : latest=1.6.4, local=1.6.4
quality_of_service_demo_cpp               : latest=0.33.11, local=0.33.11
pcl_msgs                                  : latest=1.0.0, local=1.0.0
ament_cmake_pytest                        : latest=2.5.6, local=2.5.6
ros2doctor                                : latest=0.32.11, local=0.32.10
ament_package                             : latest=0.16.5, local=0.16.5
rqt_graph                                 : latest=1.5.6, local=1.5.6
class_loader                              : latest=2.7.1, local=2.7.1
rosidl_generator_rs                       : latest=0.4.12, local=0.4.12
rosidl_runtime_c                          : latest=4.6.9, local=4.6.9
rqt_bag                                   : latest=1.5.6, local=1.5.6
quality_of_service_demo_py                : latest=0.33.11, local=0.33.11
tf2                                       : latest=0.36.21, local=0.36.21
std_srvs                                  : latest=5.3.8, local=5.3.8
tf2_msgs                                  : latest=0.36.21, local=0.36.21
laser_geometry                            : latest=2.7.2, local=2.7.2
ament_cmake_python                        : latest=2.5.6, local=2.5.6
rqt_common_plugins                        : latest=1.2.0, local=1.2.0
ros2launch                                : latest=0.26.12, local=0.26.12
rmw_fastrtps_shared_cpp                   : latest=8.4.4, local=8.4.4
visualization_msgs                        : latest=5.3.8, local=5.3.8
dummy_map_server                          : latest=0.33.11, local=0.33.11
ament_uncrustify                          : latest=0.17.5, local=0.17.5
ament_cmake_export_interfaces             : latest=2.5.6, local=2.5.6
rqt_gui                                   : latest=1.6.4, local=1.6.4
ament_index_python                        : latest=1.8.4, local=1.8.4
rcl_lifecycle                             : latest=9.2.11, local=9.2.11
sensor_msgs_py                            : latest=5.3.8, local=5.3.8
ros_workspace                             : latest=1.0.3, local=1.0.3
rosbag2_compression                       : latest=0.26.11, local=0.26.11
rosidl_typesupport_fastrtps_c             : latest=3.6.4, local=3.6.4
ament_cmake_test                          : latest=2.5.6, local=2.5.6
rosbag2_storage_mcap                      : latest=0.26.11, local=0.26.11
pybind11_vendor                           : latest=3.1.3, local=3.1.3
libcurl_vendor                            : latest=3.4.4, local=3.4.4
rqt_console                               : latest=2.2.2, local=2.2.2
demo_nodes_cpp                            : latest=0.33.11, local=0.33.11
launch                                    : latest=3.4.11, local=3.4.11
rcl                                       : latest=9.2.11, local=9.2.11
examples_rclcpp_minimal_publisher         : latest=0.19.7, local=0.19.7
examples_rclcpp_minimal_action_server     : latest=0.19.7, local=0.19.7
ament_cmake_core                          : latest=2.5.6, local=2.5.6
rosbag2_storage                           : latest=0.26.11, local=0.26.11
map_msgs                                  : latest=2.4.1, local=2.4.1
examples_rclpy_minimal_action_server      : latest=0.19.7, local=0.19.7
builtin_interfaces                        : latest=2.0.4, local=2.0.4
rosidl_typesupport_cpp                    : latest=3.2.3, local=3.2.3
examples_rclcpp_minimal_client            : latest=0.19.7, local=0.19.7
rosidl_generator_cpp                      : latest=4.6.9, local=4.6.9
rqt_srv                                   : latest=1.2.3, local=1.2.3
ros2cli_common_extensions                 : latest=0.3.1, local=0.3.1
python_qt_binding                         : latest=2.2.2, local=2.2.2
rqt_topic                                 : latest=1.7.5, local=1.7.5
keyboard_handler                          : latest=0.3.2, local=0.3.2
fastrtps_cmake_module                     : latest=3.6.4, local=3.6.4
rqt_reconfigure                           : latest=1.6.4, local=1.6.4
rosidl_typesupport_introspection_c        : latest=4.6.9, local=4.6.9
lifecycle_msgs                            : latest=2.0.4, local=2.0.4
rmw_dds_common                            : latest=3.1.1, local=3.1.1
ament_cmake_version                       : latest=2.5.6, local=2.5.6
cv_bridge                                 : latest=4.1.0, local=4.1.0
nav_msgs                                  : latest=5.3.8, local=5.3.8
launch_yaml                               : latest=3.4.11, local=3.4.11
ament_cppcheck                            : latest=0.17.5, local=0.17.5
image_tools                               : latest=0.33.11, local=0.33.11
ament_cmake_gmock                         : latest=2.5.6, local=2.5.6
rosidl_parser                             : latest=4.6.9, local=4.6.9
topic_monitor                             : latest=0.33.11, local=0.33.11
ros2pkg                                   : latest=0.32.11, local=0.32.10
ament_cmake_export_libraries              : latest=2.5.6, local=2.5.6
rcutils                                   : latest=6.7.6, local=6.7.6
robot_state_publisher                     : latest=3.3.4, local=3.3.4
message_filters                           : latest=4.11.17, local=4.11.17
rosbag2_compression_zstd                  : latest=0.26.11, local=0.26.11
rviz_rendering                            : latest=14.1.23, local=14.1.22
tf2_eigen                                 : latest=0.36.21, local=0.36.21
qt_gui_cpp                                : latest=2.7.6, local=2.7.6
rclcpp_lifecycle                          : latest=28.1.21, local=28.1.21
examples_rclpy_minimal_publisher          : latest=0.19.7, local=0.19.7
qt_gui_py_common                          : latest=2.7.6, local=2.7.6
examples_rclpy_executors                  : latest=0.19.7, local=0.19.7
ament_cmake_xmllint                       : latest=0.17.5, local=0.17.5
rosidl_runtime_py                         : latest=0.13.2, local=0.13.2
intra_process_demo                        : latest=0.33.11, local=0.33.11
domain_coordinator                        : latest=0.12.1, local=0.12.1
rclpy                                     : latest=7.1.11, local=7.1.11
ros2topic                                 : latest=0.32.11, local=0.32.10
lifecycle                                 : latest=0.33.11, local=0.33.11
ament_cpplint                             : latest=0.17.5, local=0.17.5
rcl_yaml_param_parser                     : latest=9.2.11, local=9.2.11
launch_xml                                : latest=3.4.11, local=3.4.11
composition                               : latest=0.33.11, local=0.33.11
rviz_default_plugins                      : latest=14.1.23, local=14.1.22
ament_cmake_include_directories           : latest=2.5.6, local=2.5.6
tracetools                                : latest=8.2.6, local=8.2.6
tlsf                                      : latest=0.9.1, local=0.9.1
rqt_plot                                  : latest=1.4.5, local=1.4.5
geometry_msgs                             : latest=5.3.8, local=5.3.8
pendulum_msgs                             : latest=0.33.11, local=0.33.11
common_interfaces                         : latest=5.3.8, local=5.3.8
rqt_gui_py                                : latest=1.6.4, local=1.6.4
launch_testing                            : latest=3.4.11, local=3.4.11
rosidl_generator_py                       : latest=0.22.2, local=0.22.2
tf2_py                                    : latest=0.36.21, local=0.36.21
examples_rclcpp_minimal_action_client     : latest=0.19.7, local=0.19.7
ament_cmake_flake8                        : latest=0.17.5, local=0.17.5
rviz_common                               : latest=14.1.23, local=14.1.22
sensor_msgs                               : latest=5.3.8, local=5.3.8
rmw_implementation_cmake                  : latest=7.3.3, local=7.3.3
gz_utils_vendor                           : latest=0.0.5, local=0.0.5
sqlite3_vendor                            : latest=0.26.11, local=0.26.11
rmw_implementation                        : latest=2.15.6, local=2.15.6
rosbag2                                   : latest=0.26.11, local=0.26.11
examples_rclpy_minimal_action_client      : latest=0.19.7, local=0.19.7
ros2node                                  : latest=0.32.11, local=0.32.10
osrf_pycommon                             : latest=2.1.7, local=2.1.7
tlsf_cpp                                  : latest=0.17.1, local=0.17.1
tf2_eigen_kdl                             : latest=0.36.21, local=0.36.21
rpyutils                                  : latest=0.4.2, local=0.4.2
rosidl_typesupport_c                      : latest=3.2.3, local=3.2.3
ament_cmake_export_targets                : latest=2.5.6, local=2.5.6
rqt_msg                                   : latest=1.5.3, local=1.5.2
rosidl_pycommon                           : latest=4.6.9, local=4.6.9
tf2_tools                                 : latest=0.36.21, local=0.36.21
rosidl_typesupport_fastrtps_cpp           : latest=3.6.4, local=3.6.4
rosidl_generator_type_description         : latest=4.6.9, local=4.6.9
teleop_twist_keyboard                     : latest=2.4.1, local=2.4.1
python_cmake_module                       : latest=0.11.1, local=0.11.1
action_tutorials_interfaces               : latest=0.33.11, local=0.33.11
rcl_logging_interface                     : latest=3.1.1, local=3.1.1
diagnostic_msgs                           : latest=5.3.8, local=5.3.8
ros2service                               : latest=0.32.11, local=0.32.10
rttest                                    : latest=0.17.1, local=0.17.1
rqt_bag_plugins                           : latest=1.5.6, local=1.5.6
ament_cmake_ros                           : latest=0.12.1, local=0.12.1
rmw_fastrtps_cpp                          : latest=8.4.4, local=8.4.4
sros2                                     : latest=0.13.6, local=0.13.6
eigen3_cmake_module                       : latest=0.3.1, local=0.3.1
demo_nodes_cpp_native                     : latest=0.33.11, local=0.33.11
service_msgs                              : latest=2.0.4, local=2.0.4
rqt_py_console                            : latest=1.2.3, local=1.2.3
rosidl_default_runtime                    : latest=1.6.1, local=1.6.1
rosidl_typesupport_interface              : latest=4.6.9, local=4.6.9
ros2action                                : latest=0.32.11, local=0.32.10
std_msgs                                  : latest=5.3.8, local=5.3.8
ament_cmake_lint_cmake                    : latest=0.17.5, local=0.17.5
sdl2_vendor                               : latest=3.3.0, local=3.3.0
libstatistics_collector                   : latest=1.7.4, local=1.7.4
rclcpp                                    : latest=28.1.21, local=28.1.21
ament_cmake_export_include_directories    : latest=2.5.6, local=2.5.6
image_geometry                            : latest=4.1.0, local=4.1.0
rqt_shell                                 : latest=1.2.3, local=1.2.3
rqt_gui_cpp                               : latest=1.6.4, local=1.6.4
dummy_sensors                             : latest=0.33.11, local=0.33.11
rviz_ogre_vendor                          : latest=14.1.23, local=14.1.22
trajectory_msgs                           : latest=5.3.8, local=5.3.8
rqt_action                                : latest=2.2.1, local=2.2.1
joy                                       : latest=3.3.0, local=3.3.0
ros_base                                  : latest=0.11.0, local=0.11.0
qt_dotgraph                               : latest=2.7.6, local=2.7.6
orocos_kdl_vendor                         : latest=0.5.2, local=0.5.2
urdf_parser_plugin                        : latest=2.10.1, local=2.10.1
rcl_logging_spdlog                        : latest=3.1.1, local=3.1.1
rqt_image_view                            : latest=1.3.0, local=1.3.0
stereo_msgs                               : latest=5.3.8, local=5.3.8
rosidl_cli                                : latest=4.6.9, local=4.6.9
rosbag2_interfaces                        : latest=0.26.11, local=0.26.11
uncrustify_vendor                         : latest=3.0.1, local=3.0.1
rmw                                       : latest=7.3.3, local=7.3.3
ros_core                                  : latest=0.11.0, local=0.11.0
geometry2                                 : latest=0.36.21, local=0.36.21
ament_cmake                               : latest=2.5.6, local=2.5.6
examples_rclcpp_minimal_subscriber        : latest=0.19.7, local=0.19.7
examples_rclcpp_minimal_timer             : latest=0.19.7, local=0.19.7
tf2_kdl                                   : latest=0.36.21, local=0.36.21
rosbag2_py                                : latest=0.26.11, local=0.26.11
rviz2                                     : latest=14.1.23, local=14.1.22
launch_testing_ros                        : latest=0.26.12, local=0.26.12
ros2bag                                   : latest=0.26.11, local=0.26.11
ament_cmake_libraries                     : latest=2.5.6, local=2.5.6
gz_cmake_vendor                           : latest=0.0.12, local=0.0.11
rosidl_dynamic_typesupport_fastrtps       : latest=0.1.0, local=0.1.0
yaml_cpp_vendor                           : latest=9.0.1, local=9.0.1
ros2lifecycle                             : latest=0.32.11, local=0.32.10
rosidl_cmake                              : latest=4.6.9, local=4.6.9
teleop_twist_joy                          : latest=2.6.5, local=2.6.5
rosbag2_storage_default_plugins           : latest=0.26.11, local=0.26.11
shape_msgs                                : latest=5.3.8, local=5.3.8
tf2_ros                                   : latest=0.36.21, local=0.36.21
action_tutorials_py                       : latest=0.33.11, local=0.33.11
angles                                    : latest=1.16.1, local=1.16.1
ament_cmake_gen_version_h                 : latest=2.5.6, local=2.5.6
examples_rclpy_minimal_subscriber         : latest=0.19.7, local=0.19.7
rosidl_core_generators                    : latest=0.2.1, local=0.2.1
tf2_bullet                                : latest=0.36.21, local=0.36.21
ament_cmake_gtest                         : latest=2.5.6, local=2.5.6
ament_cmake_uncrustify                    : latest=0.17.5, local=0.17.5
action_msgs                               : latest=2.0.4, local=2.0.4
ament_copyright                           : latest=0.17.5, local=0.17.5
rcpputils                                 : latest=2.11.4, local=2.11.4
spdlog_vendor                             : latest=1.6.2, local=1.6.2
ament_cmake_export_link_flags             : latest=2.5.6, local=2.5.6
pendulum_control                          : latest=0.33.11, local=0.33.11
ros2interface                             : latest=0.32.11, local=0.32.10
type_description_interfaces               : latest=2.0.4, local=2.0.4
examples_rclpy_minimal_client             : latest=0.19.7, local=0.19.7
qt_gui                                    : latest=2.7.6, local=2.7.6
examples_rclcpp_minimal_composition       : latest=0.19.7, local=0.19.7
examples_rclpy_minimal_service            : latest=0.19.7, local=0.19.7
launch_testing_ament_cmake                : latest=3.4.11, local=3.4.11
sros2_cmake                               : latest=0.13.6, local=0.13.6
ament_cmake_export_definitions            : latest=2.5.6, local=2.5.6
ament_cmake_cppcheck                      : latest=0.17.5, local=0.17.5
ament_lint                                : latest=0.17.5, local=0.17.5
rcl_interfaces                            : latest=2.0.4, local=2.0.4
rosidl_typesupport_introspection_cpp      : latest=4.6.9, local=4.6.9
rosbag2_storage_sqlite3                   : latest=0.26.11, local=0.26.11
logging_demo                              : latest=0.33.11, local=0.33.11
tf2_ros_py                                : latest=0.36.21, local=0.36.21
turtlesim                                 : latest=1.8.4, local=1.8.4
mcap_vendor                               : latest=0.26.11, local=0.26.11
rosbag2_cpp                               : latest=0.26.11, local=0.26.11
ament_xmllint                             : latest=0.17.5, local=0.17.5
interactive_markers                       : latest=2.5.5, local=2.5.5
rosidl_adapter                            : latest=4.6.9, local=4.6.9
composition_interfaces                    : latest=2.0.4, local=2.0.4
ros_environment                           : latest=4.2.1, local=4.2.1
actionlib_msgs                            : latest=5.3.8, local=5.3.8
rcl_action                                : latest=9.2.11, local=9.2.11
pluginlib                                 : latest=5.4.5, local=5.4.5
ament_lint_common                         : latest=0.17.5, local=0.17.5
example_interfaces                        : latest=0.12.1, local=0.12.1
launch_ros                                : latest=0.26.12, local=0.26.12
rclcpp_components                         : latest=28.1.21, local=28.1.21
ament_cmake_export_dependencies           : latest=2.5.6, local=2.5.6
resource_retriever                        : latest=3.4.4, local=3.4.4
tango_icons_vendor                        : latest=0.3.1, local=0.3.1
examples_rclcpp_minimal_service           : latest=0.19.7, local=0.19.7
urdf                                      : latest=2.10.1, local=2.10.1
examples_rclcpp_multithreaded_executor    : latest=0.19.7, local=0.19.7
rosidl_runtime_cpp                        : latest=4.6.9, local=4.6.9
zstd_vendor                               : latest=0.26.11, local=0.26.11
ros2plugin                                : latest=5.4.5, local=5.4.5
desktop                                   : latest=0.11.0, local=0.11.0
rviz_assimp_vendor                        : latest=14.1.23, local=14.1.22
depthimage_to_laserscan                   : latest=2.5.1, local=2.5.1
ament_lint_cmake                          : latest=0.17.5, local=0.17.5
rosidl_default_generators                 : latest=1.6.1, local=1.6.1
python_orocos_kdl_vendor                  : latest=0.5.2, local=0.5.2
ament_index_cpp                           : latest=1.8.4, local=1.8.4
rosgraph_msgs                             : latest=2.0.4, local=2.0.4
ros2multicast                             : latest=0.32.11, local=0.32.10
rqt_service_caller                        : latest=1.2.2, local=1.2.2
rosidl_dynamic_typesupport                : latest=0.1.2, local=0.1.2
ament_cmake_copyright                     : latest=0.17.5, local=0.17.5
ament_cmake_cpplint                       : latest=0.17.5, local=0.17.5
rosbag2_transport                         : latest=0.26.11, local=0.26.11
ament_lint_auto                           : latest=0.17.5, local=0.17.5
rqt_py_common                             : latest=1.6.4, local=1.6.4
rqt_publisher                             : latest=1.7.3, local=1.7.3
ament_cmake_auto                          : latest=2.5.6, local=2.5.6
tf2_sensor_msgs                           : latest=0.36.21, local=0.36.21
ros2param                                 : latest=0.32.11, local=0.32.10
pcl_conversions                           : latest=2.6.5, local=2.6.4
tf2_geometry_msgs                         : latest=0.36.21, local=0.36.21
ros2run                                   : latest=0.32.11, local=0.32.10
kdl_parser                                : latest=2.11.0, local=2.11.0
demo_nodes_py                             : latest=0.33.11, local=0.33.11
rosidl_generator_c                        : latest=4.6.9, local=4.6.9
dummy_robot_bringup                       : latest=0.33.11, local=0.33.11
liblz4_vendor                             : latest=0.26.11, local=0.26.11
ament_cmake_pep257                        : latest=0.17.5, local=0.17.5
action_tutorials_cpp                      : latest=0.33.11, local=0.33.11
ros2component                             : latest=0.32.11, local=0.32.10
tinyxml2_vendor                           : latest=0.9.2, local=0.9.2
console_bridge_vendor                     : latest=1.7.2, local=1.7.2
point_cloud_transport                     : latest=4.0.9, local=4.0.8

   PLATFORM INFORMATION
system           : Linux
platform info    : Linux-6.18.33.2-microsoft-standard-WSL2-x86_64-with-glibc2.39
release          : 6.18.33.2-microsoft-standard-WSL2
processor        : x86_64

   QOS COMPATIBILITY LIST
compatibility status    : No publisher/subscriber pairs found

   RMW MIDDLEWARE
middleware name    : rmw_fastrtps_cpp

   ROS 2 INFORMATION
distribution name      : jazzy
distribution type      : ros2
distribution status    : active
release platforms      : {'debian': ['bookworm'], 'rhel': ['9'], 'ubuntu': ['noble']}

   TOPIC LIST
topic               : none
publisher count     : 0
subscriber count    : 0
