
==> [1/5] 检查 ROS 2 Jazzy 环境文件
通过：/opt/ros/jazzy/setup.bash 存在。

==> [2/5] 加载 ROS 2 Jazzy 环境并检查环境变量
通过：ROS_DISTRO=jazzy
通过：ROS_VERSION=2

==> [3/5] 检查 ROS 2 CLI 和演示节点
通过：命令可用：ros2
通过：demo_nodes_cpp 中存在 talker。
通过：demo_nodes_py 中存在 listener。

==> [4/5] 检查开发工具和 ros2 doctor 子命令
通过：命令可用：colcon
通过：命令可用：rosdep
通过：ros2 doctor 子命令可用。

==> [5/5] 执行基础 ros2 doctor 检查
提示：ros2 doctor 输出 warning 不一定代表验证失败，请结合具体内容判断。
/opt/ros/jazzy/lib/python3.12/site-packages/ros2doctor/api/package.py: 122: UserWarning: ros2cli has been updated to a new version. local: 0.32.10 < latest: 0.32.11
/opt/ros/jazzy/lib/python3.12/site-packages/ros2doctor/api/package.py: 122: UserWarning: ros2doctor has been updated to a new version. local: 0.32.10 < latest: 0.32.11
/opt/ros/jazzy/lib/python3.12/site-packages/ros2doctor/api/package.py: 122: UserWarning: ros2pkg has been updated to a new version. local: 0.32.10 < latest: 0.32.11
/opt/ros/jazzy/lib/python3.12/site-packages/ros2doctor/api/package.py: 122: UserWarning: rviz_rendering has been updated to a new version. local: 14.1.22 < latest: 14.1.23
/opt/ros/jazzy/lib/python3.12/site-packages/ros2doctor/api/package.py: 122: UserWarning: ros2topic has been updated to a new version. local: 0.32.10 < latest: 0.32.11
/opt/ros/jazzy/lib/python3.12/site-packages/ros2doctor/api/package.py: 122: UserWarning: rviz_default_plugins has been updated to a new version. local: 14.1.22 < latest: 14.1.23
/opt/ros/jazzy/lib/python3.12/site-packages/ros2doctor/api/package.py: 122: UserWarning: rviz_common has been updated to a new version. local: 14.1.22 < latest: 14.1.23
/opt/ros/jazzy/lib/python3.12/site-packages/ros2doctor/api/package.py: 122: UserWarning: ros2node has been updated to a new version. local: 0.32.10 < latest: 0.32.11
/opt/ros/jazzy/lib/python3.12/site-packages/ros2doctor/api/package.py: 122: UserWarning: rqt_msg has been updated to a new version. local: 1.5.2 < latest: 1.5.3
/opt/ros/jazzy/lib/python3.12/site-packages/ros2doctor/api/package.py: 122: UserWarning: ros2service has been updated to a new version. local: 0.32.10 < latest: 0.32.11
/opt/ros/jazzy/lib/python3.12/site-packages/ros2doctor/api/package.py: 122: UserWarning: ros2action has been updated to a new version. local: 0.32.10 < latest: 0.32.11
/opt/ros/jazzy/lib/python3.12/site-packages/ros2doctor/api/package.py: 122: UserWarning: rviz_ogre_vendor has been updated to a new version. local: 14.1.22 < latest: 14.1.23
/opt/ros/jazzy/lib/python3.12/site-packages/ros2doctor/api/package.py: 122: UserWarning: rviz2 has been updated to a new version. local: 14.1.22 < latest: 14.1.23
/opt/ros/jazzy/lib/python3.12/site-packages/ros2doctor/api/package.py: 122: UserWarning: gz_cmake_vendor has been updated to a new version. local: 0.0.11 < latest: 0.0.12
/opt/ros/jazzy/lib/python3.12/site-packages/ros2doctor/api/package.py: 122: UserWarning: ros2lifecycle has been updated to a new version. local: 0.32.10 < latest: 0.32.11
/opt/ros/jazzy/lib/python3.12/site-packages/ros2doctor/api/package.py: 122: UserWarning: ros2interface has been updated to a new version. local: 0.32.10 < latest: 0.32.11
/opt/ros/jazzy/lib/python3.12/site-packages/ros2doctor/api/package.py: 122: UserWarning: rviz_assimp_vendor has been updated to a new version. local: 14.1.22 < latest: 14.1.23
/opt/ros/jazzy/lib/python3.12/site-packages/ros2doctor/api/package.py: 122: UserWarning: ros2multicast has been updated to a new version. local: 0.32.10 < latest: 0.32.11
/opt/ros/jazzy/lib/python3.12/site-packages/ros2doctor/api/package.py: 122: UserWarning: ros2param has been updated to a new version. local: 0.32.10 < latest: 0.32.11
/opt/ros/jazzy/lib/python3.12/site-packages/ros2doctor/api/package.py: 122: UserWarning: pcl_conversions has been updated to a new version. local: 2.6.4 < latest: 2.6.5
/opt/ros/jazzy/lib/python3.12/site-packages/ros2doctor/api/package.py: 122: UserWarning: ros2run has been updated to a new version. local: 0.32.10 < latest: 0.32.11
/opt/ros/jazzy/lib/python3.12/site-packages/ros2doctor/api/package.py: 122: UserWarning: ros2component has been updated to a new version. local: 0.32.10 < latest: 0.32.11
/opt/ros/jazzy/lib/python3.12/site-packages/ros2doctor/api/package.py: 122: UserWarning: point_cloud_transport has been updated to a new version. local: 4.0.8 < latest: 4.0.9
/opt/ros/jazzy/lib/python3.12/site-packages/ros2doctor/api/__init__.py: 122: UserWarning: Fail to call PlatformCheck class functions.

All 4 checks passed

通过：ros2 doctor 基础检查已完成。

ROS 2 Jazzy 验证完成；未启动 talker 或 listener。
